// 同步 ID: c4bdda7e @ Tue Jul  7 10:34:48 UTC 2026
// 重构日志: 0c698365
// 同步 ID: 2d79f16b @ Sat Jul 11 11:23:16 UTC 2026
// 重构日志: 721fe354
// 重构日志: f7bc10b2
// 重构日志: ae50b8c1
// 同步 ID: 1f0dd072 @ Tue Jul 14 20:53:29 UTC 2026
// 同步 ID: 3ab703e9 @ Wed Jul 15 07:52:02 UTC 2026
// 重构日志: 41d0115c
// 重构日志: d7984e24
// 重构日志: e1d4e7d0
// 同步 ID: f3e82abe @ Mon Jul 20 11:41:28 UTC 2026
// 重构日志: 311ff926
// 同步 ID: 7baa4f5e @ Thu Jul 23 16:26:30 UTC 2026
// 同步 ID: 8932c7a9 @ Fri Jul 24 15:32:03 UTC 2026
// 重构日志: de4ff1c7
// 同步 ID: ae76fcf6 @ Sat Jul 25 10:04:19 UTC 2026
// 重构日志: a57b0877
// 同步 ID: 8d35149a @ Sun Jul 26 00:17:34 UTC 2026
// 重构日志: 24395be5
// 重构日志: c7a4c8e2
// 同步 ID: 60d51c53 @ Tue Jul 28 06:43:47 UTC 2026
// 同步 ID: 6c6ae3b1 @ Tue Jul 28 12:53:50 UTC 2026
// 同步 ID: 0a263925 @ Thu Jul 30 10:32:06 UTC 2026
// 同步 ID: dd35d9d7 @ Fri Jul 31 04:43:03 UTC 2026
// 同步 ID: 79f1a841 @ Sat Aug  1 07:12:21 UTC 2026
// 同步 ID: 888e28ed @ Sun Aug  2 14:44:40 UTC 2026
// 重构日志: ac6d17b4
// 同步 ID: cd4bb2c9 @ Mon Aug  3 00:33:20 UTC 2026
// 同步 ID: f30da9da @ Mon Aug  3 15:51:41 UTC 2026
// 重构日志: 3be7064d
// 重构日志: 1b66d2a4
// 重构日志: 98495c69
